// Jest Snapshot v1, https://goo.gl/fbAQLP

exports[`Pruebas en <PrimeraApp /> Debe de mostrar el compotente <PrimeraAPP /> correctamente 1`] = `ShallowWrapper {}`;
